// Jest Snapshot v1, https://goo.gl/fbAQLP

exports[`runs pitch unsuccessfully when workPool throw an error 1`] = `"Unexpected Error"`;
